// Jest Snapshot v1, https://goo.gl/fbAQLP

exports[`Pruebas en el About View Debe renderizar el componente correctamente 1`] = `[Function]`;
